Archive member included to satisfy reference by file (symbol)

c:/program files (x86)/atollic/truestudio for stm32 9.0.0/armtools/bin/../lib/gcc/arm-atollic-eabi/6.3.1/../../../../arm-atollic-eabi/lib/armv7e-m/fpu/fpv5-d16\libc_nano.a(lib_a-init.o)
                              startup\startup_stm32f769xx.o (__libc_init_array)

Allocating common symbols
Common symbol       size              file

uwTick              0x4               Drivers\STM32F7xx_HAL_Driver\Src\stm32f7xx_hal.o
pFlash              0x1c              Drivers\STM32F7xx_HAL_Driver\Src\stm32f7xx_hal_flash.o
htim3               0x40              Src\main.o
hadc1               0x48              Src\main.o
hdma_adc1           0x60              Src\main.o
htim1               0x40              Src\main.o

Discarded input sections

 .text          0x00000000        0x0 c:/program files (x86)/atollic/truestudio for stm32 9.0.0/armtools/bin/../lib/gcc/arm-atollic-eabi/6.3.1/armv7e-m/fpu/fpv5-d16/crti.o
 .data          0x00000000        0x0 c:/program files (x86)/atollic/truestudio for stm32 9.0.0/armtools/bin/../lib/gcc/arm-atollic-eabi/6.3.1/armv7e-m/fpu/fpv5-d16/crti.o
 .bss           0x00000000        0x0 c:/program files (x86)/atollic/truestudio for stm32 9.0.0/armtools/bin/../lib/gcc/arm-atollic-eabi/6.3.1/armv7e-m/fpu/fpv5-d16/crti.o
 .data          0x00000000        0x4 c:/program files (x86)/atollic/truestudio for stm32 9.0.0/armtools/bin/../lib/gcc/arm-atollic-eabi/6.3.1/armv7e-m/fpu/fpv5-d16/crtbegin.o
 .text          0x00000000        0x0 Drivers\STM32F7xx_HAL_Driver\Src\stm32f7xx_hal.o
 .data          0x00000000        0x0 Drivers\STM32F7xx_HAL_Driver\Src\stm32f7xx_hal.o
 .bss           0x00000000        0x0 Drivers\STM32F7xx_HAL_Driver\Src\stm32f7xx_hal.o
 .text.HAL_MspInit
                0x00000000        0x2 Drivers\STM32F7xx_HAL_Driver\Src\stm32f7xx_hal.o
 .text.HAL_MspDeInit
                0x00000000        0x2 Drivers\STM32F7xx_HAL_Driver\Src\stm32f7xx_hal.o
 .text.HAL_DeInit
                0x00000000       0x2c Drivers\STM32F7xx_HAL_Driver\Src\stm32f7xx_hal.o
 .text.HAL_Delay
                0x00000000       0x1a Drivers\STM32F7xx_HAL_Driver\Src\stm32f7xx_hal.o
 .text.HAL_SuspendTick
                0x00000000       0x10 Drivers\STM32F7xx_HAL_Driver\Src\stm32f7xx_hal.o
 .text.HAL_ResumeTick
                0x00000000       0x10 Drivers\STM32F7xx_HAL_Driver\Src\stm32f7xx_hal.o
 .text.HAL_GetHalVersion
                0x00000000        0x8 Drivers\STM32F7xx_HAL_Driver\Src\stm32f7xx_hal.o
 .text.HAL_GetREVID
                0x00000000        0xc Drivers\STM32F7xx_HAL_Driver\Src\stm32f7xx_hal.o
 .text.HAL_GetDEVID
                0x00000000       0x10 Drivers\STM32F7xx_HAL_Driver\Src\stm32f7xx_hal.o
 .text.HAL_GetUIDw0
                0x00000000        0xc Drivers\STM32F7xx_HAL_Driver\Src\stm32f7xx_hal.o
 .text.HAL_GetUIDw1
                0x00000000        0xc Drivers\STM32F7xx_HAL_Driver\Src\stm32f7xx_hal.o
 .text.HAL_GetUIDw2
                0x00000000        0xc Drivers\STM32F7xx_HAL_Driver\Src\stm32f7xx_hal.o
 .text.HAL_DBGMCU_EnableDBGSleepMode
                0x00000000       0x10 Drivers\STM32F7xx_HAL_Driver\Src\stm32f7xx_hal.o
 .text.HAL_DBGMCU_DisableDBGSleepMode
                0x00000000       0x10 Drivers\STM32F7xx_HAL_Driver\Src\stm32f7xx_hal.o
 .text.HAL_DBGMCU_EnableDBGStopMode
                0x00000000       0x10 Drivers\STM32F7xx_HAL_Driver\Src\stm32f7xx_hal.o
 .text.HAL_DBGMCU_DisableDBGStopMode
                0x00000000       0x10 Drivers\STM32F7xx_HAL_Driver\Src\stm32f7xx_hal.o
 .text.HAL_DBGMCU_EnableDBGStandbyMode
                0x00000000       0x10 Drivers\STM32F7xx_HAL_Driver\Src\stm32f7xx_hal.o
 .text.HAL_DBGMCU_DisableDBGStandbyMode
                0x00000000       0x10 Drivers\STM32F7xx_HAL_Driver\Src\stm32f7xx_hal.o
 .text.HAL_EnableCompensationCell
                0x00000000       0x10 Drivers\STM32F7xx_HAL_Driver\Src\stm32f7xx_hal.o
 .text.HAL_DisableCompensationCell
                0x00000000       0x10 Drivers\STM32F7xx_HAL_Driver\Src\stm32f7xx_hal.o
 .text.HAL_EnableFMCMemorySwapping
                0x00000000       0x10 Drivers\STM32F7xx_HAL_Driver\Src\stm32f7xx_hal.o
 .text.HAL_DisableFMCMemorySwapping
                0x00000000       0x10 Drivers\STM32F7xx_HAL_Driver\Src\stm32f7xx_hal.o
 .text.HAL_EnableMemorySwappingBank
                0x00000000       0x10 Drivers\STM32F7xx_HAL_Driver\Src\stm32f7xx_hal.o
 .text.HAL_DisableMemorySwappingBank
                0x00000000       0x10 Drivers\STM32F7xx_HAL_Driver\Src\stm32f7xx_hal.o
 .text          0x00000000        0x0 Drivers\STM32F7xx_HAL_Driver\Src\stm32f7xx_hal_adc.o
 .data          0x00000000        0x0 Drivers\STM32F7xx_HAL_Driver\Src\stm32f7xx_hal_adc.o
 .bss           0x00000000        0x0 Drivers\STM32F7xx_HAL_Driver\Src\stm32f7xx_hal_adc.o
 .text.HAL_ADC_MspInit
                0x00000000        0x2 Drivers\STM32F7xx_HAL_Driver\Src\stm32f7xx_hal_adc.o
 .text.HAL_ADC_MspDeInit
[...]
Memory Configuration

Name             Origin             Length             Attributes
RAM              0x20000000         0x00080000         xrw
FLASH            0x08000000         0x00200000         xr
*default*        0x00000000         0xffffffff

Linker script and memory map

LOAD c:/program files (x86)/atollic/truestudio for stm32 9.0.0/armtools/bin/../lib/gcc/arm-atollic-eabi/6.3.1/armv7e-m/fpu/fpv5-d16/crti.o
LOAD c:/program files (x86)/atollic/truestudio for stm32 9.0.0/armtools/bin/../lib/gcc/arm-atollic-eabi/6.3.1/armv7e-m/fpu/fpv5-d16/crtbegin.o
LOAD Drivers\STM32F7xx_HAL_Driver\Src\stm32f7xx_hal.o
LOAD Drivers\STM32F7xx_HAL_Driver\Src\stm32f7xx_hal_adc.o
LOAD Drivers\STM32F7xx_HAL_Driver\Src\stm32f7xx_hal_adc_ex.o
LOAD Drivers\STM32F7xx_HAL_Driver\Src\stm32f7xx_hal_cortex.o
LOAD Drivers\STM32F7xx_HAL_Driver\Src\stm32f7xx_hal_dma.o
LOAD Drivers\STM32F7xx_HAL_Driver\Src\stm32f7xx_hal_dma_ex.o
LOAD Drivers\STM32F7xx_HAL_Driver\Src\stm32f7xx_hal_flash.o
LOAD Drivers\STM32F7xx_HAL_Driver\Src\stm32f7xx_hal_flash_ex.o
LOAD Drivers\STM32F7xx_HAL_Driver\Src\stm32f7xx_hal_gpio.o
LOAD Drivers\STM32F7xx_HAL_Driver\Src\stm32f7xx_hal_i2c.o
LOAD Drivers\STM32F7xx_HAL_Driver\Src\stm32f7xx_hal_i2c_ex.o
LOAD Drivers\STM32F7xx_HAL_Driver\Src\stm32f7xx_hal_pwr.o
LOAD Drivers\STM32F7xx_HAL_Driver\Src\stm32f7xx_hal_pwr_ex.o
LOAD Drivers\STM32F7xx_HAL_Driver\Src\stm32f7xx_hal_rcc.o
LOAD Drivers\STM32F7xx_HAL_Driver\Src\stm32f7xx_hal_rcc_ex.o
LOAD Drivers\STM32F7xx_HAL_Driver\Src\stm32f7xx_hal_tim.o
LOAD Drivers\STM32F7xx_HAL_Driver\Src\stm32f7xx_hal_tim_ex.o
LOAD Src\main.o
LOAD Src\stm32f7xx_hal_msp.o
LOAD Src\stm32f7xx_it.o
LOAD Src\system_stm32f7xx.o
LOAD startup\startup_stm32f769xx.o
                0x00000080                malloc_getpagesize_P = 0x80
START GROUP
LOAD c:/program files (x86)/atollic/truestudio for stm32 9.0.0/armtools/bin/../lib/gcc/arm-atollic-eabi/6.3.1/../../../../arm-atollic-eabi/lib/armv7e-m/fpu/fpv5-d16\libc_nano.a
LOAD c:/program files (x86)/atollic/truestudio for stm32 9.0.0/armtools/bin/../lib/gcc/arm-atollic-eabi/6.3.1/../../../../arm-atollic-eabi/lib/armv7e-m/fpu/fpv5-d16\libm.a
END GROUP
START GROUP
LOAD c:/program files (x86)/atollic/truestudio for stm32 9.0.0/armtools/bin/../lib/gcc/arm-atollic-eabi/6.3.1/armv7e-m/fpu/fpv5-d16\libgcc.a
LOAD c:/program files (x86)/atollic/truestudio for stm32 9.0.0/armtools/bin/../lib/gcc/arm-atollic-eabi/6.3.1/../../../../arm-atollic-eabi/lib/armv7e-m/fpu/fpv5-d16\libc_nano.a
END GROUP
START GROUP
LOAD c:/program files (x86)/atollic/truestudio for stm32 9.0.0/armtools/bin/../lib/gcc/arm-atollic-eabi/6.3.1/armv7e-m/fpu/fpv5-d16\libgcc.a
LOAD c:/program files (x86)/atollic/truestudio for stm32 9.0.0/armtools/bin/../lib/gcc/arm-atollic-eabi/6.3.1/../../../../arm-atollic-eabi/lib/armv7e-m/fpu/fpv5-d16\libc_nano.a
LOAD c:/program files (x86)/atollic/truestudio for stm32 9.0.0/armtools/bin/../lib/gcc/arm-atollic-eabi/6.3.1/../../../../arm-atollic-eabi/lib/armv7e-m/fpu/fpv5-d16\libnosys.a
END GROUP
START GROUP
LOAD c:/program files (x86)/atollic/truestudio for stm32 9.0.0/armtools/bin/../lib/gcc/arm-atollic-eabi/6.3.1/armv7e-m/fpu/fpv5-d16\libgcc.a
LOAD c:/program files (x86)/atollic/truestudio for stm32 9.0.0/armtools/bin/../lib/gcc/arm-atollic-eabi/6.3.1/../../../../arm-atollic-eabi/lib/armv7e-m/fpu/fpv5-d16\libc_nano.a
LOAD c:/program files (x86)/atollic/truestudio for stm32 9.0.0/armtools/bin/../lib/gcc/arm-atollic-eabi/6.3.1/../../../../arm-atollic-eabi/lib/armv7e-m/fpu/fpv5-d16\libnosys.a
END GROUP
LOAD c:/program files (x86)/atollic/truestudio for stm32 9.0.0/armtools/bin/../lib/gcc/arm-atollic-eabi/6.3.1/armv7e-m/fpu/fpv5-d16/crtend.o
LOAD c:/program files (x86)/atollic/truestudio for stm32 9.0.0/armtools/bin/../lib/gcc/arm-atollic-eabi/6.3.1/armv7e-m/fpu/fpv5-d16/crtn.o
                0x20080000                _estack = 0x20080000
                0x00000200                _Min_Heap_Size = 0x200
                0x00000400                _Min_Stack_Size = 0x400

.isr_vector     0x08000000      0x1f8
                0x08000000                . = ALIGN (0x4)
 *(.isr_vector)
 .isr_vector    0x08000000      0x1f8 startup\startup_stm32f769xx.o
                0x08000000                g_pfnVectors
                0x080001f8                . = ALIGN (0x4)

.text           0x080001f8     0x2398
                0x080001f8                . = ALIGN (0x4)
 *(.text)
 .text          0x080001f8       0x40 c:/program files (x86)/atollic/truestudio for stm32 9.0.0/armtools/bin/../lib/gcc/arm-atollic-eabi/6.3.1/armv7e-m/fpu/fpv5-d16/crtbegin.o
 *(.text*)
 .text.HAL_InitTick
                0x08000238       0x28 Drivers\STM32F7xx_HAL_Driver\Src\stm32f7xx_hal.o
                0x08000238                HAL_InitTick
 .text.HAL_Init
                0x08000260       0x16 Drivers\STM32F7xx_HAL_Driver\Src\stm32f7xx_hal.o
                0x08000260                HAL_Init
 *fill*         0x08000276        0x2 
 .text.HAL_IncTick
                0x08000278       0x10 Drivers\STM32F7xx_HAL_Driver\Src\stm32f7xx_hal.o
                0x08000278                HAL_IncTick
 .text.HAL_GetTick
                0x08000288        0xc Drivers\STM32F7xx_HAL_Driver\Src\stm32f7xx_hal.o
                0x08000288                HAL_GetTick
 .text.HAL_ADC_Init
                0x08000294      0x148 Drivers\STM32F7xx_HAL_Driver\Src\stm32f7xx_hal_adc.o
                0x08000294                HAL_ADC_Init
 .text.HAL_ADC_Start_DMA
                0x080003dc      0x100 Drivers\STM32F7xx_HAL_Driver\Src\stm32f7xx_hal_adc.o
                0x080003dc                HAL_ADC_Start_DMA
 .text.ADC_DMAConvCplt
                0x080004dc       0x60 Drivers\STM32F7xx_HAL_Driver\Src\stm32f7xx_hal_adc.o
 .text.HAL_ADC_ConvHalfCpltCallback
                0x0800053c        0x2 Drivers\STM32F7xx_HAL_Driver\Src\stm32f7xx_hal_adc.o
                0x0800053c                HAL_ADC_ConvHalfCpltCallback
 .text.ADC_DMAHalfConvCplt
                0x0800053e        0xa Drivers\STM32F7xx_HAL_Driver\Src\stm32f7xx_hal_adc.o
 .text.HAL_ADC_LevelOutOfWindowCallback
                0x08000548        0x2 Drivers\STM32F7xx_HAL_Driver\Src\stm32f7xx_hal_adc.o
                0x08000548                HAL_ADC_LevelOutOfWindowCallback
 .text.HAL_ADC_ErrorCallback
                0x0800054a        0x2 Drivers\STM32F7xx_HAL_Driver\Src\stm32f7xx_hal_adc.o
                0x0800054a                HAL_ADC_ErrorCallback
 .text.HAL_ADC_IRQHandler
                0x0800054c      0x128 Drivers\STM32F7xx_HAL_Driver\Src\stm32f7xx_hal_adc.o
                0x0800054c                HAL_ADC_IRQHandler
 .text.ADC_DMAError
                0x08000674       0x16 Drivers\STM32F7xx_HAL_Driver\Src\stm32f7xx_hal_adc.o
 *fill*         0x0800068a        0x2 
 .text.HAL_ADC_ConfigChannel
                0x0800068c      0x140 Drivers\STM32F7xx_HAL_Driver\Src\stm32f7xx_hal_adc.o
                0x0800068c                HAL_ADC_ConfigChannel
 .text.HAL_ADCEx_InjectedConvCpltCallback
                0x080007cc        0x2 Drivers\STM32F7xx_HAL_Driver\Src\stm32f7xx_hal_adc_ex.o
                0x080007cc                HAL_ADCEx_InjectedConvCpltCallback
 *fill*         0x080007ce        0x2 
 .text.HAL_NVIC_SetPriorityGrouping
                0x080007d0       0x24 Drivers\STM32F7xx_HAL_Driver\Src\stm32f7xx_hal_cortex.o
                0x080007d0                HAL_NVIC_SetPriorityGrouping
 .text.HAL_NVIC_SetPriority
                0x080007f4       0x70 Drivers\STM32F7xx_HAL_Driver\Src\stm32f7xx_hal_cortex.o
                0x080007f4                HAL_NVIC_SetPriority
 .text.HAL_NVIC_EnableIRQ
                0x08000864       0x18 Drivers\STM32F7xx_HAL_Driver\Src\stm32f7xx_hal_cortex.o
                0x08000864                HAL_NVIC_EnableIRQ
 .text.HAL_SYSTICK_Config
                0x0800087c       0x2c Drivers\STM32F7xx_HAL_Driver\Src\stm32f7xx_hal_cortex.o
                0x0800087c                HAL_SYSTICK_Config
 .text.HAL_SYSTICK_CLKSourceConfig
                0x080008a8       0x18 Drivers\STM32F7xx_HAL_Driver\Src\stm32f7xx_hal_cortex.o
                0x080008a8                HAL_SYSTICK_CLKSourceConfig
 .text.HAL_SYSTICK_Callback
                0x080008c0        0x2 Drivers\STM32F7xx_HAL_Driver\Src\stm32f7xx_hal_cortex.o
                0x080008c0                HAL_SYSTICK_Callback
 .text.HAL_SYSTICK_IRQHandler
                0x080008c2        0x8 Drivers\STM32F7xx_HAL_Driver\Src\stm32f7xx_hal_cortex.o
                0x080008c2                HAL_SYSTICK_IRQHandler
 *fill*         0x080008ca        0x2 
 .text.DMA_CalcBaseAndBitshift
                0x080008cc       0x2c Drivers\STM32F7xx_HAL_Driver\Src\stm32f7xx_hal_dma.o
 .text.HAL_DMA_Init
                0x080008f8       0xfc Drivers\STM32F7xx_HAL_Driver\Src\stm32f7xx_hal_dma.o
                0x080008f8                HAL_DMA_Init
 .text.HAL_DMA_Start_IT
                0x080009f4       0x7a Drivers\STM32F7xx_HAL_Driver\Src\stm32f7xx_hal_dma.o
                0x080009f4                HAL_DMA_Start_IT
 *fill*         0x08000a6e        0x2 
 .text.HAL_DMA_IRQHandler
                0x08000a70      0x17c Drivers\STM32F7xx_HAL_Driver\Src\stm32f7xx_hal_dma.o
                0x08000a70                HAL_DMA_IRQHandler
 .text.HAL_GPIO_Init
                0x08000bec      0x1d4 Drivers\STM32F7xx_HAL_Driver\Src\stm32f7xx_hal_gpio.o
                0x08000bec                HAL_GPIO_Init
 .text.HAL_GPIO_TogglePin
                0x08000dc0        0x8 Drivers\STM32F7xx_HAL_Driver\Src\stm32f7xx_hal_gpio.o
                0x08000dc0                HAL_GPIO_TogglePin
 .text.HAL_RCC_OscConfig
                0x08000dc8      0x328 Drivers\STM32F7xx_HAL_Driver\Src\stm32f7xx_hal_rcc.o
                0x08000dc8                HAL_RCC_OscConfig
 .text.HAL_RCC_GetSysClockFreq
                0x080010f0       0x54 Drivers\STM32F7xx_HAL_Driver\Src\stm32f7xx_hal_rcc.o
                0x080010f0                HAL_RCC_GetSysClockFreq
 .text.HAL_RCC_ClockConfig
                0x08001144      0x120 Drivers\STM32F7xx_HAL_Driver\Src\stm32f7xx_hal_rcc.o
                0x08001144                HAL_RCC_ClockConfig
 .text.HAL_RCC_GetHCLKFreq
                0x08001264        0xc Drivers\STM32F7xx_HAL_Driver\Src\stm32f7xx_hal_rcc.o
                0x08001264                HAL_RCC_GetHCLKFreq
 .text.TIM_TI1_ConfigInputStage
                0x08001270       0x22 Drivers\STM32F7xx_HAL_Driver\Src\stm32f7xx_hal_tim.o
 .text.TIM_TI2_ConfigInputStage
                0x08001292       0x24 Drivers\STM32F7xx_HAL_Driver\Src\stm32f7xx_hal_tim.o
 .text.HAL_TIM_Base_Start
                0x080012b6       0x1a Drivers\STM32F7xx_HAL_Driver\Src\stm32f7xx_hal_tim.o
                0x080012b6                HAL_TIM_Base_Start
 .text.HAL_TIM_OnePulse_Start_IT
                0x080012d0       0x50 Drivers\STM32F7xx_HAL_Driver\Src\stm32f7xx_hal_tim.o
                0x080012d0                HAL_TIM_OnePulse_Start_IT
 .text.HAL_TIM_IC_CaptureCallback
                0x08001320        0x2 Drivers\STM32F7xx_HAL_Driver\Src\stm32f7xx_hal_tim.o
                0x08001320                HAL_TIM_IC_CaptureCallback
 .text.HAL_TIM_PWM_PulseFinishedCallback
                0x08001322        0x2 Drivers\STM32F7xx_HAL_Driver\Src\stm32f7xx_hal_tim.o
                0x08001322                HAL_TIM_PWM_PulseFinishedCallback
 .text.HAL_TIM_TriggerCallback
                0x08001324        0x2 Drivers\STM32F7xx_HAL_Driver\Src\stm32f7xx_hal_tim.o
                0x08001324                HAL_TIM_TriggerCallback
 .text.HAL_TIM_IRQHandler
                0x08001326      0x160 Drivers\STM32F7xx_HAL_Driver\Src\stm32f7xx_hal_tim.o
                0x08001326                HAL_TIM_IRQHandler
 *fill*         0x08001486        0x2 
 .text.TIM_Base_SetConfig
                0x08001488       0xd0 Drivers\STM32F7xx_HAL_Driver\Src\stm32f7xx_hal_tim.o
                0x08001488                TIM_Base_SetConfig
 .text.HAL_TIM_Base_Init
                0x08001558       0x34 Drivers\STM32F7xx_HAL_Driver\Src\stm32f7xx_hal_tim.o
                0x08001558                HAL_TIM_Base_Init
 .text.HAL_TIM_OnePulse_Init
                0x0800158c       0x46 Drivers\STM32F7xx_HAL_Driver\Src\stm32f7xx_hal_tim.o
                0x0800158c                HAL_TIM_OnePulse_Init
 *fill*         0x080015d2        0x2 
 .text.TIM_OC1_SetConfig
                0x080015d4       0x5c Drivers\STM32F7xx_HAL_Driver\Src\stm32f7xx_hal_tim.o
                0x080015d4                TIM_OC1_SetConfig
 .text.TIM_OC2_SetConfig
                0x08001630       0x64 Drivers\STM32F7xx_HAL_Driver\Src\stm32f7xx_hal_tim.o
                0x08001630                TIM_OC2_SetConfig
 .text.TIM_OC3_SetConfig
                0x08001694       0x64 Drivers\STM32F7xx_HAL_Driver\Src\stm32f7xx_hal_tim.o
                0x08001694                TIM_OC3_SetConfig
 .text.TIM_OC4_SetConfig
                0x080016f8       0x54 Drivers\STM32F7xx_HAL_Driver\Src\stm32f7xx_hal_tim.o
                0x080016f8                TIM_OC4_SetConfig
 .text.TIM_ETR_SetConfig
                0x0800174c       0x14 Drivers\STM32F7xx_HAL_Driver\Src\stm32f7xx_hal_tim.o
                0x0800174c                TIM_ETR_SetConfig
 .text.HAL_TIM_ConfigClockSource
                0x08001760      0x11c Drivers\STM32F7xx_HAL_Driver\Src\stm32f7xx_hal_tim.o
                0x08001760                HAL_TIM_ConfigClockSource
 .text.HAL_TIM_SlaveConfigSynchronization
                0x0800187c       0x92 Drivers\STM32F7xx_HAL_Driver\Src\stm32f7xx_hal_tim.o
                0x0800187c                HAL_TIM_SlaveConfigSynchronization
 *fill*         0x0800190e        0x2 
 .text.TIM_OC5_SetConfig
                0x08001910       0x50 Drivers\STM32F7xx_HAL_Driver\Src\stm32f7xx_hal_tim_ex.o
 .text.TIM_OC6_SetConfig
                0x08001960       0x50 Drivers\STM32F7xx_HAL_Driver\Src\stm32f7xx_hal_tim_ex.o
 .text.HAL_TIMEx_MasterConfigSynchronization
                0x080019b0       0x4c Drivers\STM32F7xx_HAL_Driver\Src\stm32f7xx_hal_tim_ex.o
                0x080019b0                HAL_TIMEx_MasterConfigSynchronization
 .text.HAL_TIMEx_CommutationCallback
                0x080019fc        0x2 Drivers\STM32F7xx_HAL_Driver\Src\stm32f7xx_hal_tim_ex.o
                0x080019fc                HAL_TIMEx_CommutationCallback
 .text.HAL_TIMEx_BreakCallback
                0x080019fe        0x2 Drivers\STM32F7xx_HAL_Driver\Src\stm32f7xx_hal_tim_ex.o
                0x080019fe                HAL_TIMEx_BreakCallback
 .text.HAL_TIM_OC_ConfigChannel
                0x08001a00       0x70 Drivers\STM32F7xx_HAL_Driver\Src\stm32f7xx_hal_tim_ex.o
                0x08001a00                HAL_TIM_OC_ConfigChannel
 .text.SystemClock_Config
                0x08001a70       0x98 Src\main.o
                0x08001a70                SystemClock_Config
 .text.startup.main
                0x08001b08      0x75c Src\main.o
                0x08001b08                main
 .text.HAL_ADC_ConvCpltCallback
                0x08002264        0xc Src\main.o
                0x08002264                HAL_ADC_ConvCpltCallback
 .text.HAL_TIM_PeriodElapsedCallback
                0x08002270        0x2 Src\main.o
                0x08002270                HAL_TIM_PeriodElapsedCallback
 *fill*         0x08002272        0x2 
 .text.HAL_TIM_OC_DelayElapsedCallback
                0x08002274       0x1c Src\main.o
                0x08002274                HAL_TIM_OC_DelayElapsedCallback
 .text._Error_Handler
                0x08002290        0x2 Src\main.o
                0x08002290                _Error_Handler
 .text.HAL_MspInit
                0x08002292       0x60 Src\stm32f7xx_hal_msp.o
                0x08002292                HAL_MspInit
 *fill*         0x080022f2        0x2 
 .text.HAL_ADC_MspInit
                0x080022f4       0xb4 Src\stm32f7xx_hal_msp.o
                0x080022f4                HAL_ADC_MspInit
 .text.HAL_TIM_OnePulse_MspInit
                0x080023a8       0x4c Src\stm32f7xx_hal_msp.o
                0x080023a8                HAL_TIM_OnePulse_MspInit
 .text.HAL_TIM_Base_MspInit
                0x080023f4       0x58 Src\stm32f7xx_hal_msp.o
                0x080023f4                HAL_TIM_Base_MspInit
 .text.SysTick_Handler
                0x0800244c        0xe Src\stm32f7xx_it.o
                0x0800244c                SysTick_Handler
 *fill*         0x0800245a        0x2 
 .text.ADC_IRQHandler
                0x0800245c        0xc Src\stm32f7xx_it.o
                0x0800245c                ADC_IRQHandler
 .text.TIM1_CC_IRQHandler
                0x08002468        0xc Src\stm32f7xx_it.o
                0x08002468                TIM1_CC_IRQHandler
 .text.TIM1_UP_TIM10_IRQHandler
                0x08002474        0x4 Src\stm32f7xx_it.o
                0x08002474                TIM1_UP_TIM10_IRQHandler
 .text.TIM3_IRQHandler
                0x08002478        0xc Src\stm32f7xx_it.o
                0x08002478                TIM3_IRQHandler
 .text.DMA2_Stream0_IRQHandler
                0x08002484        0xc Src\stm32f7xx_it.o
                0x08002484                DMA2_Stream0_IRQHandler
 .text.SystemInit
                0x08002490       0x4c Src\system_stm32f7xx.o
                0x08002490                SystemInit
 .text.Reset_Handler
                0x080024dc       0x50 startup\startup_stm32f769xx.o
                0x080024dc                Reset_Handler
 .text.Default_Handler
                0x0800252c        0x2 startup\startup_stm32f769xx.o
                0x0800252c                RTC_Alarm_IRQHandler
                0x0800252c                EXTI2_IRQHandler
                0x0800252c                TIM8_CC_IRQHandler
                0x0800252c                DebugMon_Handler
                0x0800252c                UART8_IRQHandler
                0x0800252c                SPI4_IRQHandler
                0x0800252c                DMA2_Stream5_IRQHandler
                0x0800252c                HardFault_Handler
                0x0800252c                JPEG_IRQHandler
                0x0800252c                DMA1_Stream5_IRQHandler
                0x0800252c                CAN3_RX1_IRQHandler
                0x0800252c                PVD_IRQHandler
                0x0800252c                TAMP_STAMP_IRQHandler
                0x0800252c                PendSV_Handler
                0x0800252c                NMI_Handler
                0x0800252c                CAN2_RX1_IRQHandler
                0x0800252c                EXTI3_IRQHandler
                0x0800252c                TIM8_TRG_COM_TIM14_IRQHandler
                0x0800252c                DFSDM1_FLT1_IRQHandler
                0x0800252c                TIM8_UP_TIM13_IRQHandler
                0x0800252c                I2C3_ER_IRQHandler
                0x0800252c                DFSDM1_FLT2_IRQHandler
                0x0800252c                EXTI0_IRQHandler
                0x0800252c                I2C2_EV_IRQHandler
                0x0800252c                DMA1_Stream2_IRQHandler
                0x0800252c                CAN1_RX0_IRQHandler
                0x0800252c                FPU_IRQHandler
                0x0800252c                OTG_HS_WKUP_IRQHandler
                0x0800252c                CAN3_SCE_IRQHandler
                0x0800252c                UsageFault_Handler
                0x0800252c                LTDC_ER_IRQHandler
                0x0800252c                CAN2_SCE_IRQHandler
                0x0800252c                DMA2_Stream2_IRQHandler
                0x0800252c                SPI1_IRQHandler
                0x0800252c                TIM6_DAC_IRQHandler
                0x0800252c                TIM1_BRK_TIM9_IRQHandler
                0x0800252c                DCMI_IRQHandler
                0x0800252c                CAN2_RX0_IRQHandler
                0x0800252c                DMA2_Stream3_IRQHandler
                0x0800252c                SAI2_IRQHandler
                0x0800252c                DFSDM1_FLT3_IRQHandler
                0x0800252c                USART6_IRQHandler
                0x0800252c                CAN3_RX0_IRQHandler
                0x0800252c                USART3_IRQHandler
                0x0800252c                CAN1_RX1_IRQHandler
                0x0800252c                UART5_IRQHandler
                0x0800252c                TIM4_IRQHandler
                0x0800252c                QUADSPI_IRQHandler
                0x0800252c                I2C1_EV_IRQHandler
                0x0800252c                DMA1_Stream6_IRQHandler
                0x0800252c                DMA1_Stream1_IRQHandler
                0x0800252c                UART4_IRQHandler
                0x0800252c                RCC_IRQHandler
                0x0800252c                TIM8_BRK_TIM12_IRQHandler
                0x0800252c                Default_Handler
                0x0800252c                CEC_IRQHandler
                0x0800252c                EXTI15_10_IRQHandler
                0x0800252c                DMA1_Stream7_IRQHandler
                0x0800252c                SPI5_IRQHandler
                0x0800252c                TIM7_IRQHandler
                0x0800252c                SDMMC1_IRQHandler
                0x0800252c                CAN2_TX_IRQHandler
                0x0800252c                TIM5_IRQHandler
                0x0800252c                DMA2_Stream7_IRQHandler
                0x0800252c                I2C3_EV_IRQHandler
                0x0800252c                EXTI9_5_IRQHandler
                0x0800252c                RTC_WKUP_IRQHandler
                0x0800252c                LTDC_IRQHandler
                0x0800252c                ETH_WKUP_IRQHandler
                0x0800252c                SPDIF_RX_IRQHandler
                0x0800252c                SPI2_IRQHandler
                0x0800252c                OTG_HS_EP1_IN_IRQHandler
                0x0800252c                MemManage_Handler
                0x0800252c                DMA1_Stream0_IRQHandler
                0x0800252c                CAN1_TX_IRQHandler
                0x0800252c                SVC_Handler
                0x0800252c                EXTI4_IRQHandler
                0x0800252c                RNG_IRQHandler
                0x0800252c                DSI_IRQHandler
                0x0800252c                ETH_IRQHandler
                0x0800252c                OTG_HS_EP1_OUT_IRQHandler
                0x0800252c                WWDG_IRQHandler
                0x0800252c                SPI6_IRQHandler
                0x0800252c                MDIOS_IRQHandler
                0x0800252c                I2C4_EV_IRQHandler
                0x0800252c                CAN3_TX_IRQHandler
                0x0800252c                TIM2_IRQHandler
                0x0800252c                OTG_FS_WKUP_IRQHandler
                0x0800252c                TIM1_TRG_COM_TIM11_IRQHandler
                0x0800252c                OTG_HS_IRQHandler
                0x0800252c                DMA2D_IRQHandler
                0x0800252c                EXTI1_IRQHandler
                0x0800252c                SDMMC2_IRQHandler
                0x0800252c                UART7_IRQHandler
                0x0800252c                USART2_IRQHandler
                0x0800252c                DFSDM1_FLT0_IRQHandler
                0x0800252c                I2C2_ER_IRQHandler
                0x0800252c                DMA2_Stream1_IRQHandler
                0x0800252c                CAN1_SCE_IRQHandler
                0x0800252c                FLASH_IRQHandler
                0x0800252c                DMA2_Stream4_IRQHandler
                0x0800252c                BusFault_Handler
                0x0800252c                USART1_IRQHandler
                0x0800252c                OTG_FS_IRQHandler
                0x0800252c                SPI3_IRQHandler
                0x0800252c                DMA1_Stream4_IRQHandler
                0x0800252c                I2C1_ER_IRQHandler
                0x0800252c                FMC_IRQHandler
                0x0800252c                LPTIM1_IRQHandler
                0x0800252c                I2C4_ER_IRQHandler
                0x0800252c                DMA2_Stream6_IRQHandler
                0x0800252c                SAI1_IRQHandler
                0x0800252c                DMA1_Stream3_IRQHandler
 *fill*         0x0800252e        0x2 
 .text.__libc_init_array
                0x08002530       0x48 c:/program files (x86)/atollic/truestudio for stm32 9.0.0/armtools/bin/../lib/gcc/arm-atollic-eabi/6.3.1/../../../../arm-atollic-eabi/lib/armv7e-m/fpu/fpv5-d16\libc_nano.a(lib_a-init.o)
                0x08002530                __libc_init_array
 *(.glue_7)
 .glue_7        0x08002578        0x0 linker stubs
 *(.glue_7t)
 .glue_7t       0x08002578        0x0 linker stubs
 *(.eh_frame)
 .eh_frame      0x08002578        0x0 c:/program files (x86)/atollic/truestudio for stm32 9.0.0/armtools/bin/../lib/gcc/arm-atollic-eabi/6.3.1/armv7e-m/fpu/fpv5-d16/crtbegin.o
 *(.init)
 .init          0x08002578        0x4 c:/program files (x86)/atollic/truestudio for stm32 9.0.0/armtools/bin/../lib/gcc/arm-atollic-eabi/6.3.1/armv7e-m/fpu/fpv5-d16/crti.o
                0x08002578                _init
 .init          0x0800257c        0x8 c:/program files (x86)/atollic/truestudio for stm32 9.0.0/armtools/bin/../lib/gcc/arm-atollic-eabi/6.3.1/armv7e-m/fpu/fpv5-d16/crtn.o
 *(.fini)
 .fini          0x08002584        0x4 c:/program files (x86)/atollic/truestudio for stm32 9.0.0/armtools/bin/../lib/gcc/arm-atollic-eabi/6.3.1/armv7e-m/fpu/fpv5-d16/crti.o
                0x08002584                _fini
 .fini          0x08002588        0x8 c:/program files (x86)/atollic/truestudio for stm32 9.0.0/armtools/bin/../lib/gcc/arm-atollic-eabi/6.3.1/armv7e-m/fpu/fpv5-d16/crtn.o
                0x08002590                . = ALIGN (0x4)
                0x08002590                _etext = .

.vfp11_veneer   0x08002590        0x0
 .vfp11_veneer  0x08002590        0x0 linker stubs

.v4_bx          0x08002590        0x0
 .v4_bx         0x08002590        0x0 linker stubs

.iplt           0x08002590        0x0
 .iplt          0x08002590        0x0 c:/program files (x86)/atollic/truestudio for stm32 9.0.0/armtools/bin/../lib/gcc/arm-atollic-eabi/6.3.1/armv7e-m/fpu/fpv5-d16/crtbegin.o

.rodata         0x08002590       0x34
                0x08002590                . = ALIGN (0x4)
 *(.rodata)
 *(.rodata*)
 .rodata.flagBitshiftOffset.9646
                0x08002590        0x8 Drivers\STM32F7xx_HAL_Driver\Src\stm32f7xx_hal_dma.o
 .rodata.HAL_ADC_MspInit.str1.1
                0x08002598       0x1b Src\stm32f7xx_hal_msp.o
 .rodata.AHBPrescTable
                0x080025b3       0x10 Src\system_stm32f7xx.o
                0x080025b3                AHBPrescTable
                0x080025c4                . = ALIGN (0x4)
 *fill*         0x080025c3        0x1 

.rel.dyn        0x080025c4        0x0
 .rel.iplt      0x080025c4        0x0 c:/program files (x86)/atollic/truestudio for stm32 9.0.0/armtools/bin/../lib/gcc/arm-atollic-eabi/6.3.1/armv7e-m/fpu/fpv5-d16/crtbegin.o

.ARM.extab
 *(.ARM.extab* .gnu.linkonce.armextab.*)

.ARM            0x080025c4        0x0
                0x080025c4                __exidx_start = .
 *(.ARM.exidx*)
                0x080025c4                __exidx_end = .

.preinit_array  0x080025c4        0x0
                0x080025c4                PROVIDE (__preinit_array_start, .)
 *(.preinit_array*)
                0x080025c4                PROVIDE (__preinit_array_end, .)

.init_array     0x080025c4        0x4
                0x080025c4                PROVIDE (__init_array_start, .)
 *(SORT(.init_array.*))
 *(.init_array*)
 .init_array    0x080025c4        0x4 c:/program files (x86)/atollic/truestudio for stm32 9.0.0/armtools/bin/../lib/gcc/arm-atollic-eabi/6.3.1/armv7e-m/fpu/fpv5-d16/crtbegin.o
                0x080025c8                PROVIDE (__init_array_end, .)

.fini_array     0x080025c8        0x4
                [!provide]                PROVIDE (__fini_array_start, .)
 *(SORT(.fini_array.*))
 *(.fini_array*)
 .fini_array    0x080025c8        0x4 c:/program files (x86)/atollic/truestudio for stm32 9.0.0/armtools/bin/../lib/gcc/arm-atollic-eabi/6.3.1/armv7e-m/fpu/fpv5-d16/crtbegin.o
                [!provide]                PROVIDE (__fini_array_end, .)
                0x080025cc                _sidata = LOADADDR (.data)

.data           0x20000000        0x4 load address 0x080025cc
                0x20000000                . = ALIGN (0x4)
                0x20000000                _sdata = .
 *(.data)
 *(.data*)
 .data.SystemCoreClock
                0x20000000        0x4 Src\system_stm32f7xx.o
                0x20000000                SystemCoreClock
                0x20000004                . = ALIGN (0x4)
                0x20000004                _edata = .

.igot.plt       0x20000004        0x0 load address 0x080025d0
 .igot.plt      0x20000004        0x0 c:/program files (x86)/atollic/truestudio for stm32 9.0.0/armtools/bin/../lib/gcc/arm-atollic-eabi/6.3.1/armv7e-m/fpu/fpv5-d16/crtbegin.o
                0x20000004                . = ALIGN (0x4)

.bss            0x20000004      0x15c load address 0x080025d0
                0x20000004                _sbss = .
                0x20000004                __bss_start__ = _sbss
 *(.bss)
 .bss           0x20000004       0x1c c:/program files (x86)/atollic/truestudio for stm32 9.0.0/armtools/bin/../lib/gcc/arm-atollic-eabi/6.3.1/armv7e-m/fpu/fpv5-d16/crtbegin.o
 *(.bss*)
 .bss.ADCreadings
                0x20000020       0x14 Src\main.o
                0x20000020                ADCreadings
 *(COMMON)
 COMMON         0x20000034        0x4 Drivers\STM32F7xx_HAL_Driver\Src\stm32f7xx_hal.o
                0x20000034                uwTick
 COMMON         0x20000038      0x128 Src\main.o
                0x20000038                htim3
                0x20000078                hadc1
                0x200000c0                hdma_adc1
                0x20000120                htim1
                0x20000160                . = ALIGN (0x4)
                0x20000160                _ebss = .
                0x20000160                __bss_end__ = _ebss

._user_heap_stack
                0x20000160      0x600 load address 0x080025d0
                0x20000160                . = ALIGN (0x4)
                [!provide]                PROVIDE (end, .)
                [!provide]                PROVIDE (_end, .)
                0x20000360                . = (. + _Min_Heap_Size)
 *fill*         0x20000160      0x200 
                0x20000760                . = (. + _Min_Stack_Size)
 *fill*         0x20000360      0x400 
                0x20000760                . = ALIGN (0x4)

/DISCARD/
 libc.a(*)
 libm.a(*)
 libgcc.a(*)

.ARM.attributes
                0x00000000       0x2e
 *(.ARM.attributes)
 .ARM.attributes
                0x00000000       0x20 c:/program files (x86)/atollic/truestudio for stm32 9.0.0/armtools/bin/../lib/gcc/arm-atollic-eabi/6.3.1/armv7e-m/fpu/fpv5-d16/crti.o
 .ARM.attributes
                0x00000020       0x32 c:/program files (x86)/atollic/truestudio for stm32 9.0.0/armtools/bin/../lib/gcc/arm-atollic-eabi/6.3.1/armv7e-m/fpu/fpv5-d16/crtbegin.o
 .ARM.attributes
                0x00000052       0x37 Drivers\STM32F7xx_HAL_Driver\Src\stm32f7xx_hal.o
 .ARM.attributes
                0x00000089       0x37 Drivers\STM32F7xx_HAL_Driver\Src\stm32f7xx_hal_adc.o
 .ARM.attributes
                0x000000c0       0x37 Drivers\STM32F7xx_HAL_Driver\Src\stm32f7xx_hal_adc_ex.o
 .ARM.attributes
                0x000000f7       0x37 Drivers\STM32F7xx_HAL_Driver\Src\stm32f7xx_hal_cortex.o
 .ARM.attributes
                0x0000012e       0x37 Drivers\STM32F7xx_HAL_Driver\Src\stm32f7xx_hal_dma.o
 .ARM.attributes
                0x00000165       0x37 Drivers\STM32F7xx_HAL_Driver\Src\stm32f7xx_hal_gpio.o
 .ARM.attributes
                0x0000019c       0x37 Drivers\STM32F7xx_HAL_Driver\Src\stm32f7xx_hal_rcc.o
 .ARM.attributes
                0x000001d3       0x37 Drivers\STM32F7xx_HAL_Driver\Src\stm32f7xx_hal_tim.o
 .ARM.attributes
                0x0000020a       0x37 Drivers\STM32F7xx_HAL_Driver\Src\stm32f7xx_hal_tim_ex.o
 .ARM.attributes
                0x00000241       0x37 Src\main.o
 .ARM.attributes
                0x00000278       0x37 Src\stm32f7xx_hal_msp.o
 .ARM.attributes
                0x000002af       0x37 Src\stm32f7xx_it.o
 .ARM.attributes
                0x000002e6       0x37 Src\system_stm32f7xx.o
 .ARM.attributes
                0x0000031d       0x21 startup\startup_stm32f769xx.o
 .ARM.attributes
                0x0000033e       0x32 c:/program files (x86)/atollic/truestudio for stm32 9.0.0/armtools/bin/../lib/gcc/arm-atollic-eabi/6.3.1/../../../../arm-atollic-eabi/lib/armv7e-m/fpu/fpv5-d16\libc_nano.a(lib_a-init.o)
 .ARM.attributes
                0x00000370       0x20 c:/program files (x86)/atollic/truestudio for stm32 9.0.0/armtools/bin/../lib/gcc/arm-atollic-eabi/6.3.1/armv7e-m/fpu/fpv5-d16/crtn.o
OUTPUT(ADC_TIM_chain_DMA.elf elf32-littlearm)

.debug_info     0x00000000    0x14576
 .debug_info    0x00000000     0x120f Drivers\STM32F7xx_HAL_Driver\Src\stm32f7xx_hal.o
 .debug_info    0x0000120f     0x154c Drivers\STM32F7xx_HAL_Driver\Src\stm32f7xx_hal_adc.o
 .debug_info    0x0000275b     0x1368 Drivers\STM32F7xx_HAL_Driver\Src\stm32f7xx_hal_adc_ex.o
 .debug_info    0x00003ac3     0x19ae Drivers\STM32F7xx_HAL_Driver\Src\stm32f7xx_hal_cortex.o
 .debug_info    0x00005471     0x125c Drivers\STM32F7xx_HAL_Driver\Src\stm32f7xx_hal_dma.o
 .debug_info    0x000066cd      0xfbc Drivers\STM32F7xx_HAL_Driver\Src\stm32f7xx_hal_gpio.o
 .debug_info    0x00007689     0x12c4 Drivers\STM32F7xx_HAL_Driver\Src\stm32f7xx_hal_rcc.o
 .debug_info    0x0000894d     0x3acd Drivers\STM32F7xx_HAL_Driver\Src\stm32f7xx_hal_tim.o
 .debug_info    0x0000c41a     0x1e5c Drivers\STM32F7xx_HAL_Driver\Src\stm32f7xx_hal_tim_ex.o
 .debug_info    0x0000e276     0x2723 Src\main.o
 .debug_info    0x00010999     0x1aa9 Src\stm32f7xx_hal_msp.o
 .debug_info    0x00012442     0x115a Src\stm32f7xx_it.o
 .debug_info    0x0001359c      0xf05 Src\system_stm32f7xx.o
 .debug_info    0x000144a1       0xd5 startup\startup_stm32f769xx.o

.debug_abbrev   0x00000000     0x2557
 .debug_abbrev  0x00000000      0x2a4 Drivers\STM32F7xx_HAL_Driver\Src\stm32f7xx_hal.o
 .debug_abbrev  0x000002a4      0x304 Drivers\STM32F7xx_HAL_Driver\Src\stm32f7xx_hal_adc.o
 .debug_abbrev  0x000005a8      0x2d7 Drivers\STM32F7xx_HAL_Driver\Src\stm32f7xx_hal_adc_ex.o
 .debug_abbrev  0x0000087f      0x399 Drivers\STM32F7xx_HAL_Driver\Src\stm32f7xx_hal_cortex.o
 .debug_abbrev  0x00000c18      0x34a Drivers\STM32F7xx_HAL_Driver\Src\stm32f7xx_hal_dma.o
 .debug_abbrev  0x00000f62      0x268 Drivers\STM32F7xx_HAL_Driver\Src\stm32f7xx_hal_gpio.o
 .debug_abbrev  0x000011ca      0x34b Drivers\STM32F7xx_HAL_Driver\Src\stm32f7xx_hal_rcc.o
 .debug_abbrev  0x00001515      0x3ac Drivers\STM32F7xx_HAL_Driver\Src\stm32f7xx_hal_tim.o
 .debug_abbrev  0x000018c1      0x30d Drivers\STM32F7xx_HAL_Driver\Src\stm32f7xx_hal_tim_ex.o
 .debug_abbrev  0x00001bce      0x35c Src\main.o
 .debug_abbrev  0x00001f2a      0x23d Src\stm32f7xx_hal_msp.o
 .debug_abbrev  0x00002167      0x1f8 Src\stm32f7xx_it.o
 .debug_abbrev  0x0000235f      0x1e6 Src\system_stm32f7xx.o
 .debug_abbrev  0x00002545       0x12 startup\startup_stm32f769xx.o

.debug_loc      0x00000000     0x6620
 .debug_loc     0x00000000       0x6a Drivers\STM32F7xx_HAL_Driver\Src\stm32f7xx_hal.o
 .debug_loc     0x0000006a      0x71d Drivers\STM32F7xx_HAL_Driver\Src\stm32f7xx_hal_adc.o
 .debug_loc     0x00000787      0x731 Drivers\STM32F7xx_HAL_Driver\Src\stm32f7xx_hal_adc_ex.o
 .debug_loc     0x00000eb8      0x536 Drivers\STM32F7xx_HAL_Driver\Src\stm32f7xx_hal_cortex.o
 .debug_loc     0x000013ee      0x7ed Drivers\STM32F7xx_HAL_Driver\Src\stm32f7xx_hal_dma.o
 .debug_loc     0x00001bdb      0x3cd Drivers\STM32F7xx_HAL_Driver\Src\stm32f7xx_hal_gpio.o
 .debug_loc     0x00001fa8      0x37e Drivers\STM32F7xx_HAL_Driver\Src\stm32f7xx_hal_rcc.o
 .debug_loc     0x00002326     0x2eb3 Drivers\STM32F7xx_HAL_Driver\Src\stm32f7xx_hal_tim.o
 .debug_loc     0x000051d9     0x11e1 Drivers\STM32F7xx_HAL_Driver\Src\stm32f7xx_hal_tim_ex.o
 .debug_loc     0x000063ba       0x4d Src\main.o
 .debug_loc     0x00006407       0xfd Src\stm32f7xx_hal_msp.o
 .debug_loc     0x00006504      0x11c Src\system_stm32f7xx.o

.debug_aranges  0x00000000      0x8f0
 .debug_aranges
                0x00000000       0xf0 Drivers\STM32F7xx_HAL_Driver\Src\stm32f7xx_hal.o
 .debug_aranges
                0x000000f0       0xb8 Drivers\STM32F7xx_HAL_Driver\Src\stm32f7xx_hal_adc.o
 .debug_aranges
                0x000001a8       0x90 Drivers\STM32F7xx_HAL_Driver\Src\stm32f7xx_hal_adc_ex.o
 .debug_aranges
                0x00000238       0xa8 Drivers\STM32F7xx_HAL_Driver\Src\stm32f7xx_hal_cortex.o
 .debug_aranges
                0x000002e0       0x80 Drivers\STM32F7xx_HAL_Driver\Src\stm32f7xx_hal_dma.o
 .debug_aranges
                0x00000360       0x58 Drivers\STM32F7xx_HAL_Driver\Src\stm32f7xx_hal_gpio.o
 .debug_aranges
                0x000003b8       0x88 Drivers\STM32F7xx_HAL_Driver\Src\stm32f7xx_hal_rcc.o
 .debug_aranges
                0x00000440      0x260 Drivers\STM32F7xx_HAL_Driver\Src\stm32f7xx_hal_tim.o
 .debug_aranges
                0x000006a0      0x128 Drivers\STM32F7xx_HAL_Driver\Src\stm32f7xx_hal_tim_ex.o
 .debug_aranges
                0x000007c8       0x48 Src\main.o
 .debug_aranges
                0x00000810       0x50 Src\stm32f7xx_hal_msp.o
 .debug_aranges
                0x00000860       0x40 Src\stm32f7xx_it.o
 .debug_aranges
                0x000008a0       0x28 Src\system_stm32f7xx.o
 .debug_aranges
                0x000008c8       0x28 startup\startup_stm32f769xx.o

.debug_ranges   0x00000000      0xc28
 .debug_ranges  0x00000000       0xe0 Drivers\STM32F7xx_HAL_Driver\Src\stm32f7xx_hal.o
 .debug_ranges  0x000000e0       0xc8 Drivers\STM32F7xx_HAL_Driver\Src\stm32f7xx_hal_adc.o
 .debug_ranges  0x000001a8       0x80 Drivers\STM32F7xx_HAL_Driver\Src\stm32f7xx_hal_adc_ex.o
 .debug_ranges  0x00000228      0x138 Drivers\STM32F7xx_HAL_Driver\Src\stm32f7xx_hal_cortex.o
 .debug_ranges  0x00000360       0xd0 Drivers\STM32F7xx_HAL_Driver\Src\stm32f7xx_hal_dma.o
 .debug_ranges  0x00000430       0x70 Drivers\STM32F7xx_HAL_Driver\Src\stm32f7xx_hal_gpio.o
 .debug_ranges  0x000004a0       0xf0 Drivers\STM32F7xx_HAL_Driver\Src\stm32f7xx_hal_rcc.o
 .debug_ranges  0x00000590      0x318 Drivers\STM32F7xx_HAL_Driver\Src\stm32f7xx_hal_tim.o
 .debug_ranges  0x000008a8      0x118 Drivers\STM32F7xx_HAL_Driver\Src\stm32f7xx_hal_tim_ex.o
 .debug_ranges  0x000009c0      0x148 Src\main.o
 .debug_ranges  0x00000b08       0xb8 Src\stm32f7xx_hal_msp.o
 .debug_ranges  0x00000bc0       0x30 Src\stm32f7xx_it.o
 .debug_ranges  0x00000bf0       0x18 Src\system_stm32f7xx.o
 .debug_ranges  0x00000c08       0x20 startup\startup_stm32f769xx.o

.debug_line     0x00000000     0x5487
 .debug_line    0x00000000      0x48a Drivers\STM32F7xx_HAL_Driver\Src\stm32f7xx_hal.o
 .debug_line    0x0000048a      0x775 Drivers\STM32F7xx_HAL_Driver\Src\stm32f7xx_hal_adc.o
 .debug_line    0x00000bff      0x64b Drivers\STM32F7xx_HAL_Driver\Src\stm32f7xx_hal_adc_ex.o
 .debug_line    0x0000124a      0x4e3 Drivers\STM32F7xx_HAL_Driver\Src\stm32f7xx_hal_cortex.o
 .debug_line    0x0000172d      0x604 Drivers\STM32F7xx_HAL_Driver\Src\stm32f7xx_hal_dma.o
 .debug_line    0x00001d31      0x4a8 Drivers\STM32F7xx_HAL_Driver\Src\stm32f7xx_hal_gpio.o
 .debug_line    0x000021d9      0x5ff Drivers\STM32F7xx_HAL_Driver\Src\stm32f7xx_hal_rcc.o
 .debug_line    0x000027d8     0x12ba Drivers\STM32F7xx_HAL_Driver\Src\stm32f7xx_hal_tim.o
 .debug_line    0x00003a92      0x9af Drivers\STM32F7xx_HAL_Driver\Src\stm32f7xx_hal_tim_ex.o
 .debug_line    0x00004441      0x642 Src\main.o
 .debug_line    0x00004a83      0x3e1 Src\stm32f7xx_hal_msp.o
 .debug_line    0x00004e64      0x330 Src\stm32f7xx_it.o
 .debug_line    0x00005194      0x274 Src\system_stm32f7xx.o
 .debug_line    0x00005408       0x7f startup\startup_stm32f769xx.o

.debug_str      0x00000000     0x3d22
 .debug_str     0x00000000     0x10ba Drivers\STM32F7xx_HAL_Driver\Src\stm32f7xx_hal.o
                               0x1155 (size before relaxing)
 .debug_str     0x000010ba      0x698 Drivers\STM32F7xx_HAL_Driver\Src\stm32f7xx_hal_adc.o
                                0xe06 (size before relaxing)
 .debug_str     0x00001752      0x2df Drivers\STM32F7xx_HAL_Driver\Src\stm32f7xx_hal_adc_ex.o
                                0xe69 (size before relaxing)
 .debug_str     0x00001a31      0x48c Drivers\STM32F7xx_HAL_Driver\Src\stm32f7xx_hal_cortex.o
                               0x1313 (size before relaxing)
 .debug_str     0x00001ebd      0x2ef Drivers\STM32F7xx_HAL_Driver\Src\stm32f7xx_hal_dma.o
                                0xc47 (size before relaxing)
 .debug_str     0x000021ac      0x1a7 Drivers\STM32F7xx_HAL_Driver\Src\stm32f7xx_hal_gpio.o
                                0x9de (size before relaxing)
 .debug_str     0x00002353      0x317 Drivers\STM32F7xx_HAL_Driver\Src\stm32f7xx_hal_rcc.o
                                0xbb1 (size before relaxing)
 .debug_str     0x0000266a      0xefc Drivers\STM32F7xx_HAL_Driver\Src\stm32f7xx_hal_tim.o
                               0x18a8 (size before relaxing)
 .debug_str     0x00003566      0x636 Drivers\STM32F7xx_HAL_Driver\Src\stm32f7xx_hal_tim_ex.o
                               0x13ee (size before relaxing)
 .debug_str     0x00003b9c       0xa2 Src\main.o
                               0x19cc (size before relaxing)
 .debug_str     0x00003c3e       0x25 Src\stm32f7xx_hal_msp.o
                               0x1588 (size before relaxing)
 .debug_str     0x00003c63       0x7a Src\stm32f7xx_it.o
                                0xd16 (size before relaxing)
 .debug_str     0x00003cdd       0x45 Src\system_stm32f7xx.o
                                0x90b (size before relaxing)

.comment        0x00000000       0x7c
 .comment       0x00000000       0x7c Drivers\STM32F7xx_HAL_Driver\Src\stm32f7xx_hal.o
                                 0x7d (size before relaxing)
 .comment       0x0000007c       0x7d Drivers\STM32F7xx_HAL_Driver\Src\stm32f7xx_hal_adc.o
 .comment       0x0000007c       0x7d Drivers\STM32F7xx_HAL_Driver\Src\stm32f7xx_hal_adc_ex.o
 .comment       0x0000007c       0x7d Drivers\STM32F7xx_HAL_Driver\Src\stm32f7xx_hal_cortex.o
 .comment       0x0000007c       0x7d Drivers\STM32F7xx_HAL_Driver\Src\stm32f7xx_hal_dma.o
 .comment       0x0000007c       0x7d Drivers\STM32F7xx_HAL_Driver\Src\stm32f7xx_hal_gpio.o
 .comment       0x0000007c       0x7d Drivers\STM32F7xx_HAL_Driver\Src\stm32f7xx_hal_rcc.o
 .comment       0x0000007c       0x7d Drivers\STM32F7xx_HAL_Driver\Src\stm32f7xx_hal_tim.o
 .comment       0x0000007c       0x7d Drivers\STM32F7xx_HAL_Driver\Src\stm32f7xx_hal_tim_ex.o
 .comment       0x0000007c       0x7d Src\main.o
 .comment       0x0000007c       0x7d Src\stm32f7xx_hal_msp.o
 .comment       0x0000007c       0x7d Src\stm32f7xx_it.o
 .comment       0x0000007c       0x7d Src\system_stm32f7xx.o

.debug_frame    0x00000000     0x1914
 .debug_frame   0x00000000      0x1f4 Drivers\STM32F7xx_HAL_Driver\Src\stm32f7xx_hal.o
 .debug_frame   0x000001f4      0x244 Drivers\STM32F7xx_HAL_Driver\Src\stm32f7xx_hal_adc.o
 .debug_frame   0x00000438      0x160 Drivers\STM32F7xx_HAL_Driver\Src\stm32f7xx_hal_adc_ex.o
 .debug_frame   0x00000598      0x158 Drivers\STM32F7xx_HAL_Driver\Src\stm32f7xx_hal_cortex.o
 .debug_frame   0x000006f0      0x150 Drivers\STM32F7xx_HAL_Driver\Src\stm32f7xx_hal_dma.o
 .debug_frame   0x00000840       0xd8 Drivers\STM32F7xx_HAL_Driver\Src\stm32f7xx_hal_gpio.o
 .debug_frame   0x00000918      0x134 Drivers\STM32F7xx_HAL_Driver\Src\stm32f7xx_hal_rcc.o
 .debug_frame   0x00000a4c      0x87c Drivers\STM32F7xx_HAL_Driver\Src\stm32f7xx_hal_tim.o
 .debug_frame   0x000012c8      0x3f4 Drivers\STM32F7xx_HAL_Driver\Src\stm32f7xx_hal_tim_ex.o
 .debug_frame   0x000016bc       0x90 Src\main.o
 .debug_frame   0x0000174c       0xe8 Src\stm32f7xx_hal_msp.o
 .debug_frame   0x00001834       0x7c Src\stm32f7xx_it.o
 .debug_frame   0x000018b0       0x38 Src\system_stm32f7xx.o
 .debug_frame   0x000018e8       0x2c c:/program files (x86)/atollic/truestudio for stm32 9.0.0/armtools/bin/../lib/gcc/arm-atollic-eabi/6.3.1/../../../../arm-atollic-eabi/lib/armv7e-m/fpu/fpv5-d16\libc_nano.a(lib_a-init.o)
